// Jest Snapshot v1, https://goo.gl/fbAQLP

exports[`should create countries component snapshot 1`] = `
<div
  className="countries_container"
/>
`;
